node : MongoDB 
connection error: 
MongoParseError: 
options 
usenewurlparser, 
useunifiedtopology are 
not supported
At line:1 char:1
+ node server.js 2> 
error_log.txt
+ ~~~~~~~~~~~~~~~~~~~~~
~~~~~~~~~~
    + CategoryInfo     
         : NotSpecifi  
  ed: (MongoDB conne   
 ct...e not support    
ed:String) [], Rem    
oteException
    + FullyQualifiedEr 
   rorId : NativeComm  
  andError
 
    at parseOptions (C:
\Users\sivar\OneDrive\D
ocuments\GitHub\RTRP-A2
\server\node_modules\mo
ngodb\lib\connection_st
ring.js:272:15)
    at new MongoClient 
(C:\Users\sivar\OneDriv
e\Documents\GitHub\RTRP
-A2\server\node_modules
\mongodb\lib\mongo_clie
nt.js:67:61)
    at NativeConnection
.createClient (C:\Users
\sivar\OneDrive\Documen
ts\GitHub\RTRP-A2\serve
r\node_modules\mongoose
\lib\drivers\node-mongo
db-native\connection.js
:334:14)
    at NativeConnection
.openUri (C:\Users\siva
r\OneDrive\Documents\Gi
tHub\RTRP-A2\server\nod
e_modules\mongoose\lib\
connection.js:1075:34)
    at 
Mongoose.connect (C:\Us
ers\sivar\OneDrive\Docu
ments\GitHub\RTRP-A2\se
rver\node_modules\mongo
ose\lib\mongoose.js:471
:15)
    at 
Object.<anonymous> (C:\
Users\sivar\OneDrive\Do
cuments\GitHub\RTRP-A2\
server\server.js:20:10)
    at Module._compile 
(node:internal/modules/
cjs/loader:1730:14)
    at Object..js (node
:internal/modules/cjs/l
oader:1895:10)
    at Module.load (nod
e:internal/modules/cjs/
loader:1465:32)
    at Function._load (
node:internal/modules/c
js/loader:1282:12) {
  errorLabelSet: 
Set(0) {}
}
